Archive member included because of file (symbol)

c:/winavr-20100110/bin/../lib/gcc/avr/4.3.3/avr5\libgcc.a(_mulsi3.o)
                              ./MCAL/Timer/src/Timer.o (__mulsi3)
c:/winavr-20100110/bin/../lib/gcc/avr/4.3.3/avr5\libgcc.a(_udivmodhi4.o)
                              ./MCAL/Timer/src/Timer.o (__udivmodhi4)
c:/winavr-20100110/bin/../lib/gcc/avr/4.3.3/avr5\libgcc.a(_udivmodsi4.o)
                              ./MCAL/Usart/src/Usart.o (__udivmodsi4)
c:/winavr-20100110/bin/../lib/gcc/avr/4.3.3/avr5\libgcc.a(_exit.o)
                              c:/winavr-20100110/bin/../lib/gcc/avr/4.3.3/../../../../avr/lib/avr5/crtm32.o (exit)
c:/winavr-20100110/bin/../lib/gcc/avr/4.3.3/avr5\libgcc.a(_copy_data.o)
                              ./MCAL/Timer/src/TimerLcfg.o (__do_copy_data)
c:/winavr-20100110/bin/../lib/gcc/avr/4.3.3/avr5\libgcc.a(_clear_bss.o)
                              ./MCAL/Usart/src/Usart.o (__do_clear_bss)
c:/winavr-20100110/bin/../lib/gcc/avr/4.3.3/avr5\libgcc.a(_muldi3.o)
                              ./HAL/Ultrasonic/src/Ultrasonic.o (__muldi3)
c:/winavr-20100110/bin/../lib/gcc/avr/4.3.3/avr5\libgcc.a(_fixunssfsi.o)
                              ./MCAL/Timer/src/Timer.o (__fixunssfsi)
c:/winavr-20100110/bin/../lib/gcc/avr/4.3.3/avr5\libgcc.a(_divdi3.o)
                              ./HAL/Ultrasonic/src/Ultrasonic.o (__divdi3)
c:/winavr-20100110/bin/../lib/gcc/avr/4.3.3/avr5\libgcc.a(_addsub_sf.o)
                              c:/winavr-20100110/bin/../lib/gcc/avr/4.3.3/avr5\libgcc.a(_fixunssfsi.o) (__subsf3)
c:/winavr-20100110/bin/../lib/gcc/avr/4.3.3/avr5\libgcc.a(_mul_sf.o)
                              ./MCAL/Timer/src/Timer.o (__mulsf3)
c:/winavr-20100110/bin/../lib/gcc/avr/4.3.3/avr5\libgcc.a(_div_sf.o)
                              ./MCAL/Timer/src/Timer.o (__divsf3)
c:/winavr-20100110/bin/../lib/gcc/avr/4.3.3/avr5\libgcc.a(_gt_sf.o)
                              ./HAL/Ultrasonic/src/Ultrasonic.o (__gtsf2)
c:/winavr-20100110/bin/../lib/gcc/avr/4.3.3/avr5\libgcc.a(_ge_sf.o)
                              c:/winavr-20100110/bin/../lib/gcc/avr/4.3.3/avr5\libgcc.a(_fixunssfsi.o) (__gesf2)
c:/winavr-20100110/bin/../lib/gcc/avr/4.3.3/avr5\libgcc.a(_lt_sf.o)
                              ./HAL/Ultrasonic/src/Ultrasonic.o (__ltsf2)
c:/winavr-20100110/bin/../lib/gcc/avr/4.3.3/avr5\libgcc.a(_sf_to_si.o)
                              c:/winavr-20100110/bin/../lib/gcc/avr/4.3.3/avr5\libgcc.a(_fixunssfsi.o) (__fixsfsi)
c:/winavr-20100110/bin/../lib/gcc/avr/4.3.3/avr5\libgcc.a(_thenan_sf.o)
                              c:/winavr-20100110/bin/../lib/gcc/avr/4.3.3/avr5\libgcc.a(_addsub_sf.o) (__thenan_sf)
c:/winavr-20100110/bin/../lib/gcc/avr/4.3.3/avr5\libgcc.a(_usi_to_sf.o)
                              ./MCAL/Timer/src/Timer.o (__floatunsisf)
c:/winavr-20100110/bin/../lib/gcc/avr/4.3.3/avr5\libgcc.a(_prologue.o)
                              c:/winavr-20100110/bin/../lib/gcc/avr/4.3.3/avr5\libgcc.a(_muldi3.o) (__prologue_saves__)
c:/winavr-20100110/bin/../lib/gcc/avr/4.3.3/avr5\libgcc.a(_epilogue.o)
                              c:/winavr-20100110/bin/../lib/gcc/avr/4.3.3/avr5\libgcc.a(_muldi3.o) (__epilogue_restores__)
c:/winavr-20100110/bin/../lib/gcc/avr/4.3.3/avr5\libgcc.a(_clz.o)
                              c:/winavr-20100110/bin/../lib/gcc/avr/4.3.3/avr5\libgcc.a(_divdi3.o) (__clz_tab)
c:/winavr-20100110/bin/../lib/gcc/avr/4.3.3/avr5\libgcc.a(_clzsi2.o)
                              c:/winavr-20100110/bin/../lib/gcc/avr/4.3.3/avr5\libgcc.a(_usi_to_sf.o) (__clzsi2)
c:/winavr-20100110/bin/../lib/gcc/avr/4.3.3/avr5\libgcc.a(_pack_sf.o)
                              c:/winavr-20100110/bin/../lib/gcc/avr/4.3.3/avr5\libgcc.a(_addsub_sf.o) (__pack_f)
c:/winavr-20100110/bin/../lib/gcc/avr/4.3.3/avr5\libgcc.a(_unpack_sf.o)
                              c:/winavr-20100110/bin/../lib/gcc/avr/4.3.3/avr5\libgcc.a(_addsub_sf.o) (__unpack_f)
c:/winavr-20100110/bin/../lib/gcc/avr/4.3.3/avr5\libgcc.a(_fpcmp_parts_sf.o)
                              c:/winavr-20100110/bin/../lib/gcc/avr/4.3.3/avr5\libgcc.a(_gt_sf.o) (__fpcmp_parts_f)

Allocating common symbols
Common symbol       size              file

ptToExtiCallBackFunction2
                    0x2               ./MCAL/Ext_Interrupt/src/Ext_InterruptSrc.o
spiHandler          0x2               ./MCAL/Spi/src/Spi.o
ptToExtiCallBackFunction1
                    0x2               ./MCAL/Ext_Interrupt/src/Ext_InterruptSrc.o
MTIMER2_ptToPwmFunction
                    0x2               ./MCAL/Timer/src/Timer.o
ptToExtiCallBackFunction3
                    0x2               ./MCAL/Ext_Interrupt/src/Ext_InterruptSrc.o

Memory Configuration

Name             Origin             Length             Attributes
text             0x00000000         0x00020000         xr
data             0x00800060         0x0000ffa0         rw !x
eeprom           0x00810000         0x00010000         rw !x
fuse             0x00820000         0x00000400         rw !x
lock             0x00830000         0x00000400         rw !x
signature        0x00840000         0x00000400         rw !x
*default*        0x00000000         0xffffffff

Linker script and memory map

LOAD c:/winavr-20100110/bin/../lib/gcc/avr/4.3.3/../../../../avr/lib/avr5/crtm32.o
LOAD ./MCAL/Usart/src/Usart.o
LOAD ./MCAL/Timer/src/Timer.o
LOAD ./MCAL/Timer/src/TimerLcfg.o
LOAD ./MCAL/Spi/src/Spi.o
LOAD ./MCAL/Spi/src/SpiLcfg.o
LOAD ./MCAL/Ext_Interrupt/src/Ext_InterruptSrc.o
LOAD ./MCAL/Dio/src/Dio.o
LOAD ./Libraries/LIBRARIES_SRC/SW_Delay.o
LOAD ./HAL/Ultrasonic/src/Ultrasonic.o
LOAD ./HAL/SwPwm/src/SwPwm.o
LOAD ./HAL/SevenSegment/src/7SEGMENT_SRC.o
LOAD ./HAL/PushButton/src/PushButton.o
LOAD ./HAL/Led/src/Led.o
LOAD ./HAL/Icu/src/Icu.o
LOAD ./HAL/Dc_Motor/src/Dc_Motor.o
LOAD ./CarMoving.o
LOAD ./Dir_Control.o
LOAD ./INTERRUPT.o
LOAD ./PcCommunication.o
LOAD ./SpiManager.o
LOAD ./main.o
LOAD c:/winavr-20100110/bin/../lib/gcc/avr/4.3.3/avr5\libgcc.a
LOAD c:/winavr-20100110/bin/../lib/gcc/avr/4.3.3/../../../../avr/lib/avr5\libc.a
LOAD c:/winavr-20100110/bin/../lib/gcc/avr/4.3.3/avr5\libgcc.a

.hash
 *(.hash)

.dynsym
 *(.dynsym)

.dynstr
 *(.dynstr)

.gnu.version
 *(.gnu.version)

.gnu.version_d
 *(.gnu.version_d)

.gnu.version_r
 *(.gnu.version_r)

.rel.init
 *(.rel.init)

.rela.init
 *(.rela.init)

.rel.text
 *(.rel.text)
 *(.rel.text.*)
 *(.rel.gnu.linkonce.t*)

.rela.text
 *(.rela.text)
 *(.rela.text.*)
 *(.rela.gnu.linkonce.t*)

.rel.fini
 *(.rel.fini)

.rela.fini
 *(.rela.fini)

.rel.rodata
 *(.rel.rodata)
 *(.rel.rodata.*)
 *(.rel.gnu.linkonce.r*)

.rela.rodata
 *(.rela.rodata)
 *(.rela.rodata.*)
 *(.rela.gnu.linkonce.r*)

.rel.data
 *(.rel.data)
 *(.rel.data.*)
 *(.rel.gnu.linkonce.d*)

.rela.data
 *(.rela.data)
 *(.rela.data.*)
 *(.rela.gnu.linkonce.d*)

.rel.ctors
 *(.rel.ctors)

.rela.ctors
 *(.rela.ctors)

.rel.dtors
 *(.rel.dtors)

.rela.dtors
 *(.rela.dtors)

.rel.got
 *(.rel.got)

.rela.got
 *(.rela.got)

.rel.bss
 *(.rel.bss)

.rela.bss
 *(.rela.bss)

.rel.plt
 *(.rel.plt)

.rela.plt
 *(.rela.plt)

.text           0x00000000     0x76bc
 *(.vectors)
 .vectors       0x00000000       0x54 c:/winavr-20100110/bin/../lib/gcc/avr/4.3.3/../../../../avr/lib/avr5/crtm32.o
                0x00000000                __vectors
                0x00000000                __vector_default
 *(.vectors)
 *(.progmem.gcc*)
 *(.progmem*)
                0x00000054                . = ALIGN (0x2)
                0x00000054                __trampolines_start = .
 *(.trampolines)
 .trampolines   0x00000054        0x0 linker stubs
 *(.trampolines*)
                0x00000054                __trampolines_end = .
 *(.jumptables)
 *(.jumptables*)
 *(.lowtext)
 *(.lowtext*)
                0x00000054                __ctors_start = .
 *(.ctors)
                0x00000054                __ctors_end = .
                0x00000054                __dtors_start = .
 *(.dtors)
                0x00000054                __dtors_end = .
 SORT(*)(.ctors)
 SORT(*)(.dtors)
 *(.init0)
 .init0         0x00000054        0x0 c:/winavr-20100110/bin/../lib/gcc/avr/4.3.3/../../../../avr/lib/avr5/crtm32.o
                0x00000054                __init
 *(.init0)
 *(.init1)
 *(.init1)
 *(.init2)
 .init2         0x00000054        0xc c:/winavr-20100110/bin/../lib/gcc/avr/4.3.3/../../../../avr/lib/avr5/crtm32.o
 *(.init2)
 *(.init3)
 *(.init3)
 *(.init4)
 .init4         0x00000060       0x16 c:/winavr-20100110/bin/../lib/gcc/avr/4.3.3/avr5\libgcc.a(_copy_data.o)
                0x00000060                __do_copy_data
 .init4         0x00000076       0x10 c:/winavr-20100110/bin/../lib/gcc/avr/4.3.3/avr5\libgcc.a(_clear_bss.o)
                0x00000076                __do_clear_bss
 *(.init4)
 *(.init5)
 *(.init5)
 *(.init6)
 *(.init6)
 *(.init7)
 *(.init7)
 *(.init8)
 *(.init8)
 *(.init9)
 .init9         0x00000086        0x8 c:/winavr-20100110/bin/../lib/gcc/avr/4.3.3/../../../../avr/lib/avr5/crtm32.o
 *(.init9)
 *(.text)
 .text          0x0000008e        0x4 c:/winavr-20100110/bin/../lib/gcc/avr/4.3.3/../../../../avr/lib/avr5/crtm32.o
                0x0000008e                __bad_interrupt
                0x0000008e                __vector_6
                0x0000008e                __vector_3
                0x0000008e                __vector_17
                0x0000008e                __vector_19
                0x0000008e                __vector_7
                0x0000008e                __vector_4
                0x0000008e                __vector_2
                0x0000008e                __vector_8
                0x0000008e                __vector_14
                0x0000008e                __vector_10
                0x0000008e                __vector_16
                0x0000008e                __vector_18
                0x0000008e                __vector_20
 .text          0x00000092        0x0 ./MCAL/Usart/src/Usart.o
 .text          0x00000092        0x0 ./MCAL/Timer/src/Timer.o
 .text          0x00000092        0x0 ./MCAL/Timer/src/TimerLcfg.o
 .text          0x00000092        0x0 ./MCAL/Spi/src/Spi.o
 .text          0x00000092        0x0 ./MCAL/Spi/src/SpiLcfg.o
 .text          0x00000092        0x0 ./MCAL/Ext_Interrupt/src/Ext_InterruptSrc.o
 .text          0x00000092        0x0 ./MCAL/Dio/src/Dio.o
 .text          0x00000092        0x0 ./Libraries/LIBRARIES_SRC/SW_Delay.o
 .text          0x00000092        0x0 ./HAL/Ultrasonic/src/Ultrasonic.o
 .text          0x00000092        0x0 ./HAL/SwPwm/src/SwPwm.o
 .text          0x00000092        0x0 ./HAL/SevenSegment/src/7SEGMENT_SRC.o
 .text          0x00000092        0x0 ./HAL/PushButton/src/PushButton.o
 .text          0x00000092        0x0 ./HAL/Led/src/Led.o
 .text          0x00000092        0x0 ./HAL/Icu/src/Icu.o
 .text          0x00000092        0x0 ./HAL/Dc_Motor/src/Dc_Motor.o
 .text          0x00000092        0x0 ./CarMoving.o
 .text          0x00000092        0x0 ./Dir_Control.o
 .text          0x00000092        0x0 ./INTERRUPT.o
 .text          0x00000092        0x0 ./PcCommunication.o
 .text          0x00000092        0x0 ./SpiManager.o
 .text          0x00000092        0x0 ./main.o
 .text          0x00000092        0x0 c:/winavr-20100110/bin/../lib/gcc/avr/4.3.3/avr5\libgcc.a(_mulsi3.o)
 .text          0x00000092        0x0 c:/winavr-20100110/bin/../lib/gcc/avr/4.3.3/avr5\libgcc.a(_udivmodhi4.o)
 .text          0x00000092        0x0 c:/winavr-20100110/bin/../lib/gcc/avr/4.3.3/avr5\libgcc.a(_udivmodsi4.o)
 .text          0x00000092        0x0 c:/winavr-20100110/bin/../lib/gcc/avr/4.3.3/avr5\libgcc.a(_exit.o)
 .text          0x00000092        0x0 c:/winavr-20100110/bin/../lib/gcc/avr/4.3.3/avr5\libgcc.a(_copy_data.o)
 .text          0x00000092        0x0 c:/winavr-20100110/bin/../lib/gcc/avr/4.3.3/avr5\libgcc.a(_clear_bss.o)
 .text          0x00000092      0x1f6 c:/winavr-20100110/bin/../lib/gcc/avr/4.3.3/avr5\libgcc.a(_muldi3.o)
                0x00000092                __muldi3
 .text          0x00000288       0x58 c:/winavr-20100110/bin/../lib/gcc/avr/4.3.3/avr5\libgcc.a(_fixunssfsi.o)
                0x00000288                __fixunssfsi
 .text          0x000002e0     0x1050 c:/winavr-20100110/bin/../lib/gcc/avr/4.3.3/avr5\libgcc.a(_divdi3.o)
                0x000002e0                __divdi3
 .text          0x00001330      0x354 c:/winavr-20100110/bin/../lib/gcc/avr/4.3.3/avr5\libgcc.a(_addsub_sf.o)
                0x000015c8                __subsf3
                0x0000162a                __addsf3
 .text          0x00001684      0x1f4 c:/winavr-20100110/bin/../lib/gcc/avr/4.3.3/avr5\libgcc.a(_mul_sf.o)
                0x00001684                __mulsf3
 .text          0x00001878      0x158 c:/winavr-20100110/bin/../lib/gcc/avr/4.3.3/avr5\libgcc.a(_div_sf.o)
                0x00001878                __divsf3
 .text          0x000019d0       0x60 c:/winavr-20100110/bin/../lib/gcc/avr/4.3.3/avr5\libgcc.a(_gt_sf.o)
                0x000019d0                __gtsf2
 .text          0x00001a30       0x60 c:/winavr-20100110/bin/../lib/gcc/avr/4.3.3/avr5\libgcc.a(_ge_sf.o)
                0x00001a30                __gesf2
 .text          0x00001a90       0x60 c:/winavr-20100110/bin/../lib/gcc/avr/4.3.3/avr5\libgcc.a(_lt_sf.o)
                0x00001a90                __ltsf2
 .text          0x00001af0       0xa8 c:/winavr-20100110/bin/../lib/gcc/avr/4.3.3/avr5\libgcc.a(_sf_to_si.o)
                0x00001af0                __fixsfsi
 .text          0x00001b98        0x0 c:/winavr-20100110/bin/../lib/gcc/avr/4.3.3/avr5\libgcc.a(_thenan_sf.o)
 .text          0x00001b98       0xf2 c:/winavr-20100110/bin/../lib/gcc/avr/4.3.3/avr5\libgcc.a(_usi_to_sf.o)
                0x00001b98                __floatunsisf
 .text          0x00001c8a        0x0 c:/winavr-20100110/bin/../lib/gcc/avr/4.3.3/avr5\libgcc.a(_prologue.o)
 .text          0x00001c8a        0x0 c:/winavr-20100110/bin/../lib/gcc/avr/4.3.3/avr5\libgcc.a(_epilogue.o)
 .text          0x00001c8a        0x0 c:/winavr-20100110/bin/../lib/gcc/avr/4.3.3/avr5\libgcc.a(_clz.o)
 .text          0x00001c8a       0x9e c:/winavr-20100110/bin/../lib/gcc/avr/4.3.3/avr5\libgcc.a(_clzsi2.o)
                0x00001c8a                __clzsi2
 .text          0x00001d28      0x1aa c:/winavr-20100110/bin/../lib/gcc/avr/4.3.3/avr5\libgcc.a(_pack_sf.o)
                0x00001d28                __pack_f
 .text          0x00001ed2       0xf0 c:/winavr-20100110/bin/../lib/gcc/avr/4.3.3/avr5\libgcc.a(_unpack_sf.o)
                0x00001ed2                __unpack_f
 .text          0x00001fc2       0xb2 c:/winavr-20100110/bin/../lib/gcc/avr/4.3.3/avr5\libgcc.a(_fpcmp_parts_sf.o)
                0x00001fc2                __fpcmp_parts_f
                0x00002074                . = ALIGN (0x2)
 *(.text.*)
 .text.get_Ubbr_Value
                0x00002074      0x122 ./MCAL/Usart/src/Usart.o
 .text.usart_Init
                0x00002196       0xa6 ./MCAL/Usart/src/Usart.o
                0x00002196                usart_Init
 .text.usartSendPolling
                0x0000223c       0x64 ./MCAL/Usart/src/Usart.o
                0x0000223c                usartSendPolling
 .text.getDataPolling
                0x000022a0       0x30 ./MCAL/Usart/src/Usart.o
                0x000022a0                getDataPolling
 .text.setRecieveCallBack
                0x000022d0       0x24 ./MCAL/Usart/src/Usart.o
                0x000022d0                setRecieveCallBack
 .text.setTransmitCallBack
                0x000022f4       0x24 ./MCAL/Usart/src/Usart.o
                0x000022f4                setTransmitCallBack
 .text.setUdrCallBack
                0x00002318       0x24 ./MCAL/Usart/src/Usart.o
                0x00002318                setUdrCallBack
 .text.getTransmittedData
                0x0000233c       0x12 ./MCAL/Usart/src/Usart.o
                0x0000233c                getTransmittedData
 .text.__vector_15
                0x0000234e       0xaa ./MCAL/Usart/src/Usart.o
                0x0000234e                __vector_15
 .text.__vector_13
                0x000023f8       0xa6 ./MCAL/Usart/src/Usart.o
                0x000023f8                __vector_13
 .text.AVE_timer1SetAny
                0x0000249e       0x70 ./MCAL/Timer/src/Timer.o
 .text.AVE_TIMER0_setCallBackForInterrupt
                0x0000250e       0x24 ./MCAL/Timer/src/Timer.o
                0x0000250e                AVE_TIMER0_setCallBackForInterrupt
 .text.AVE_MTIMER0_PWMSetFunction
                0x00002532       0x24 ./MCAL/Timer/src/Timer.o
                0x00002532                AVE_MTIMER0_PWMSetFunction
 .text.AVE_MTIMER0_Initialize
                0x00002556       0xea ./MCAL/Timer/src/Timer.o
                0x00002556                AVE_MTIMER0_Initialize
 .text.AVE_MTIMER0_start
                0x00002640       0x2e ./MCAL/Timer/src/Timer.o
                0x00002640                AVE_MTIMER0_start
 .text.AVE_MTIMER0_read
                0x0000266e       0x14 ./MCAL/Timer/src/Timer.o
                0x0000266e                AVE_MTIMER0_read
 .text.AVE_MTIMER0_set
                0x00002682       0x1c ./MCAL/Timer/src/Timer.o
                0x00002682                AVE_MTIMER0_set
 .text.AVE_MTIMER0_stop
                0x0000269e       0x22 ./MCAL/Timer/src/Timer.o
                0x0000269e                AVE_MTIMER0_stop
 .text.AVE_MTIMER0_delay_ms
                0x000026c0      0x1d0 ./MCAL/Timer/src/Timer.o
                0x000026c0                AVE_MTIMER0_delay_ms
 .text.AVE_updateIcuNumberOfOverFlows
                0x00002890       0x34 ./MCAL/Timer/src/Timer.o
                0x00002890                AVE_updateIcuNumberOfOverFlows
 .text.AVE_MTIMER0_ICU
                0x000028c4       0x4a ./MCAL/Timer/src/Timer.o
                0x000028c4                AVE_MTIMER0_ICU
 .text.AVE_IcuGetNumberOfOverFlows
                0x0000290e       0x22 ./MCAL/Timer/src/Timer.o
                0x0000290e                AVE_IcuGetNumberOfOverFlows
 .text.AVE_ClearIcuOverFlows
                0x00002930       0x1e ./MCAL/Timer/src/Timer.o
                0x00002930                AVE_ClearIcuOverFlows
 .text.AVE_timer0SetPrescalerValue
                0x0000294e       0x68 ./MCAL/Timer/src/Timer.o
 .text.AVE_TIMER0_CTC_delay_ms
                0x000029b6      0x2c0 ./MCAL/Timer/src/Timer.o
                0x000029b6                AVE_TIMER0_CTC_delay_ms
 .text.AVE_timer0SwPWM
                0x00002c76       0xaa ./MCAL/Timer/src/Timer.o
                0x00002c76                AVE_timer0SwPWM
 .text.__vector_11
                0x00002d20       0xba ./MCAL/Timer/src/Timer.o
                0x00002d20                __vector_11
 .text.AVE_timer1Init
                0x00002dda      0x2e2 ./MCAL/Timer/src/Timer.o
                0x00002dda                AVE_timer1Init
 .text.Ave_timer1PWM
                0x000030bc       0xc6 ./MCAL/Timer/src/Timer.o
                0x000030bc                Ave_timer1PWM
 .text.AVE_timer1Start
                0x00003182       0x2e ./MCAL/Timer/src/Timer.o
                0x00003182                AVE_timer1Start
 .text.AVE_timer1Stop
                0x000031b0       0x28 ./MCAL/Timer/src/Timer.o
                0x000031b0                AVE_timer1Stop
 .text.AVE_timer1Set
                0x000031d8       0x2e ./MCAL/Timer/src/Timer.o
                0x000031d8                AVE_timer1Set
 .text.AVE_TIMER1_setPreScalerValue
                0x00003206       0x68 ./MCAL/Timer/src/Timer.o
 .text.AVE_TIMER1_delayMs
                0x0000326e      0x1e8 ./MCAL/Timer/src/Timer.o
                0x0000326e                AVE_TIMER1_delayMs
 .text.AVE_setCallBackFunction
                0x00003456       0x24 ./MCAL/Timer/src/Timer.o
                0x00003456                AVE_setCallBackFunction
 .text.__vector_9
                0x0000347a       0xba ./MCAL/Timer/src/Timer.o
                0x0000347a                __vector_9
 .text.AVE_TIMER1_CTC_delay_ms
                0x00003534      0x296 ./MCAL/Timer/src/Timer.o
                0x00003534                AVE_TIMER1_CTC_delay_ms
 .text.AVE_MTIMER1_setCallBackPwm
                0x000037ca       0x24 ./MCAL/Timer/src/Timer.o
                0x000037ca                AVE_MTIMER1_setCallBackPwm
 .text.AVE_MTIMER1_swPwm
                0x000037ee       0xca ./MCAL/Timer/src/Timer.o
                0x000037ee                AVE_MTIMER1_swPwm
 .text.AVE_setValueForCTC
                0x000038b8       0x2a ./MCAL/Timer/src/Timer.o
 .text.AVE_timer2Init
                0x000038e2      0x246 ./MCAL/Timer/src/Timer.o
                0x000038e2                AVE_timer2Init
 .text.AVE_TIMER2_mapPrescaler
                0x00003b28       0x98 ./MCAL/Timer/src/Timer.o
 .text.AVE_TIMER2_start
                0x00003bc0       0x32 ./MCAL/Timer/src/Timer.o
                0x00003bc0                AVE_TIMER2_start
 .text.AVE_TIMER2_set
                0x00003bf2       0x1c ./MCAL/Timer/src/Timer.o
                0x00003bf2                AVE_TIMER2_set
 .text.AVE_TIMER2_stop
                0x00003c0e       0x22 ./MCAL/Timer/src/Timer.o
                0x00003c0e                AVE_TIMER2_stop
 .text.AVE_TIMER2_callBackFunctionSet
                0x00003c30       0x24 ./MCAL/Timer/src/Timer.o
                0x00003c30                AVE_TIMER2_callBackFunctionSet
 .text.AVE_TIMER2_delay_ms
                0x00003c54      0x1fc ./MCAL/Timer/src/Timer.o
                0x00003c54                AVE_TIMER2_delay_ms
 .text.__vector_5
                0x00003e50       0xba ./MCAL/Timer/src/Timer.o
                0x00003e50                __vector_5
 .text.AVE_TIMER2_setCallBackFunction
                0x00003f0a       0x24 ./MCAL/Timer/src/Timer.o
                0x00003f0a                AVE_TIMER2_setCallBackFunction
 .text.AVE_TIMER2_sw_pwm
                0x00003f2e       0xca ./MCAL/Timer/src/Timer.o
                0x00003f2e                AVE_TIMER2_sw_pwm
 .text.AVE_TIMER2_CTC_delay_ms
                0x00003ff8      0x280 ./MCAL/Timer/src/Timer.o
                0x00003ff8                AVE_TIMER2_CTC_delay_ms
 .text.Spi_Enable
                0x00004278       0x64 ./MCAL/Spi/src/Spi.o
                0x00004278                Spi_Enable
 .text.Spi_SetCallBack
                0x000042dc       0x24 ./MCAL/Spi/src/Spi.o
                0x000042dc                Spi_SetCallBack
 .text.Spi_Init
                0x00004300      0x248 ./MCAL/Spi/src/Spi.o
                0x00004300                Spi_Init
 .text.SpiTransferPolling
                0x00004548       0x26 ./MCAL/Spi/src/Spi.o
                0x00004548                SpiTransferPolling
 .text.SpiGetPolling
                0x0000456e       0x26 ./MCAL/Spi/src/Spi.o
                0x0000456e                SpiGetPolling
 .text.__vector_12
                0x00004594       0x36 ./MCAL/Spi/src/Spi.o
                0x00004594                __vector_12
 .text.addExtiCallBackFunction
                0x000045ca       0x72 ./MCAL/Ext_Interrupt/src/Ext_InterruptSrc.o
                0x000045ca                addExtiCallBackFunction
 .text.enableOrDisable
                0x0000463c       0x6e ./MCAL/Ext_Interrupt/src/Ext_InterruptSrc.o
                0x0000463c                enableOrDisable
 .text.intitalizeExtiRunTimeChange
                0x000046aa      0x1b8 ./MCAL/Ext_Interrupt/src/Ext_InterruptSrc.o
                0x000046aa                intitalizeExtiRunTimeChange
 .text.intializeExti
                0x00004862      0x250 ./MCAL/Ext_Interrupt/src/Ext_InterruptSrc.o
                0x00004862                intializeExti
 .text.__vector_1
                0x00004ab2       0x5a ./MCAL/Ext_Interrupt/src/Ext_InterruptSrc.o
                0x00004ab2                __vector_1
 .text.AVE_gpioIntialization
                0x00004b0c      0x1ce ./MCAL/Dio/src/Dio.o
                0x00004b0c                AVE_gpioIntialization
 .text.AVE_gpioPortDirection
                0x00004cda      0x18e ./MCAL/Dio/src/Dio.o
                0x00004cda                AVE_gpioPortDirection
 .text.AVE_gpioPortWrite
                0x00004e68      0x156 ./MCAL/Dio/src/Dio.o
                0x00004e68                AVE_gpioPortWrite
 .text.AVE_gpioPortToggle
                0x00004fbe       0x96 ./MCAL/Dio/src/Dio.o
                0x00004fbe                AVE_gpioPortToggle
 .text.AVE_gpioPortRead
                0x00005054       0x98 ./MCAL/Dio/src/Dio.o
                0x00005054                AVE_gpioPortRead
 .text.AVE_gpioPinDirection
                0x000050ec      0x244 ./MCAL/Dio/src/Dio.o
                0x000050ec                AVE_gpioPinDirection
 .text.AVE_BittsMappedToPins
                0x00005330       0x3e ./MCAL/Dio/src/Dio.o
 .text.AVE_gpioPinWrite
                0x0000536e      0x23a ./MCAL/Dio/src/Dio.o
                0x0000536e                AVE_gpioPinWrite
 .text.AVE_gpioPinToggle
                0x000055a8       0xa2 ./MCAL/Dio/src/Dio.o
                0x000055a8                AVE_gpioPinToggle
 .text.AVE_gpioPinRead
                0x0000564a      0x11c ./MCAL/Dio/src/Dio.o
                0x0000564a                AVE_gpioPinRead
 .text.AVE_gpioUpperNibbleDirection
                0x00005766      0x202 ./MCAL/Dio/src/Dio.o
                0x00005766                AVE_gpioUpperNibbleDirection
 .text.AVE_gpioLowerNibbleDirection
                0x00005968      0x202 ./MCAL/Dio/src/Dio.o
                0x00005968                AVE_gpioLowerNibbleDirection
 .text.AVE_gpioUpperNibbleWrite
                0x00005b6a      0x15e ./MCAL/Dio/src/Dio.o
                0x00005b6a                AVE_gpioUpperNibbleWrite
 .text.AVE_gpioLowerNibbleWrite
                0x00005cc8      0x13e ./MCAL/Dio/src/Dio.o
                0x00005cc8                AVE_gpioLowerNibbleWrite
 .text.AVE_gpioUpperNibbleToggle
                0x00005e06       0x9e ./MCAL/Dio/src/Dio.o
                0x00005e06                AVE_gpioUpperNibbleToggle
 .text.AVE_gpioLowerNibbleToggle
                0x00005ea4       0x9e ./MCAL/Dio/src/Dio.o
                0x00005ea4                AVE_gpioLowerNibbleToggle
 .text.AVE_gpioUpperNibbleRead
                0x00005f42       0xa0 ./MCAL/Dio/src/Dio.o
                0x00005f42                AVE_gpioUpperNibbleRead
 .text.AVE_GpioLowerNibbleRead
                0x00005fe2       0xa0 ./MCAL/Dio/src/Dio.o
                0x00005fe2                AVE_GpioLowerNibbleRead
 .text.SW_Delay_ms
                0x00006082       0xa0 ./Libraries/LIBRARIES_SRC/SW_Delay.o
                0x00006082                SW_Delay_ms
 .text.initializeUltraSonic
                0x00006122       0x46 ./HAL/Ultrasonic/src/Ultrasonic.o
                0x00006122                initializeUltraSonic
 .text.triggerUltrasonic
                0x00006168      0x1b6 ./HAL/Ultrasonic/src/Ultrasonic.o
                0x00006168                triggerUltrasonic
 .text.calculateDistance
                0x0000631e      0x19e ./HAL/Ultrasonic/src/Ultrasonic.o
                0x0000631e                calculateDistance
 .text.sw_PWMIntialize
                0x000064bc       0x76 ./HAL/SwPwm/src/SwPwm.o
                0x000064bc                sw_PWMIntialize
 .text.sw_PWMSelect
                0x00006532       0xa2 ./HAL/SwPwm/src/SwPwm.o
                0x00006532                sw_PWMSelect
 .text.enableSegment
                0x000065d4       0x56 ./HAL/SevenSegment/src/7SEGMENT_SRC.o
                0x000065d4                enableSegment
 .text.intialize_7SEGMENT
                0x0000662a       0xe2 ./HAL/SevenSegment/src/7SEGMENT_SRC.o
                0x0000662a                intialize_7SEGMENT
 .text.visualizeNumber
                0x0000670c       0xb8 ./HAL/SevenSegment/src/7SEGMENT_SRC.o
                0x0000670c                visualizeNumber
 .text.intializePButtons
                0x000067c4       0x48 ./HAL/PushButton/src/PushButton.o
                0x000067c4                intializePButtons
 .text.readPButton
                0x0000680c       0x3e ./HAL/PushButton/src/PushButton.o
                0x0000680c                readPButton
 .text.AVE_InitializeLeds
                0x0000684a       0x8e ./HAL/Led/src/Led.o
                0x0000684a                AVE_InitializeLeds
 .text.AVEManipulateLeds
                0x000068d8       0xaa ./HAL/Led/src/Led.o
                0x000068d8                AVEManipulateLeds
 .text.AVEManipulateLed
                0x00006982       0x56 ./HAL/Led/src/Led.o
                0x00006982                AVEManipulateLed
 .text.startCalculationIcu
                0x000069d8      0x108 ./HAL/Icu/src/Icu.o
                0x000069d8                startCalculationIcu
 .text.SwICU_Init
                0x00006ae0       0x50 ./HAL/Icu/src/Icu.o
                0x00006ae0                SwICU_Init
 .text.SwICU_Read
                0x00006b30       0x34 ./HAL/Icu/src/Icu.o
                0x00006b30                SwICU_Read
 .text.DC_Motor_Init
                0x00006b64       0x78 ./HAL/Dc_Motor/src/Dc_Motor.o
                0x00006b64                DC_Motor_Init
 .text.DC_Motor_Set_Speed
                0x00006bdc       0x20 ./HAL/Dc_Motor/src/Dc_Motor.o
                0x00006bdc                DC_Motor_Set_Speed
 .text.DC_Motor_Set_Direction
                0x00006bfc      0x194 ./HAL/Dc_Motor/src/Dc_Motor.o
                0x00006bfc                DC_Motor_Set_Direction
 .text.DC_Motor_Stop
                0x00006d90       0x62 ./HAL/Dc_Motor/src/Dc_Motor.o
                0x00006d90                DC_Motor_Stop
 .text.DC_Motor_Start
                0x00006df2       0x62 ./HAL/Dc_Motor/src/Dc_Motor.o
                0x00006df2                DC_Motor_Start
 .text.initializeCar
                0x00006e54       0x1a ./CarMoving.o
                0x00006e54                initializeCar
 .text.controlCar
                0x00006e6e      0x134 ./CarMoving.o
                0x00006e6e                controlCar
 .text.initializeControl
                0x00006fa2       0x20 ./Dir_Control.o
                0x00006fa2                initializeControl
 .text.move_Forward
                0x00006fc2       0x1e ./Dir_Control.o
                0x00006fc2                move_Forward
 .text.move_Backward
                0x00006fe0       0x1e ./Dir_Control.o
                0x00006fe0                move_Backward
 .text.move_RotateRight
                0x00006ffe       0x1e ./Dir_Control.o
                0x00006ffe                move_RotateRight
 .text.move_RotateLeft
                0x0000701c       0x1e ./Dir_Control.o
                0x0000701c                move_RotateLeft
 .text.Stop     0x0000703a       0x1a ./Dir_Control.o
                0x0000703a                Stop
 .text.Motor_Speed
                0x00007054       0x1a ./Dir_Control.o
                0x00007054                Motor_Speed
 .text.globalInterruptManipulate
                0x0000706e       0x54 ./INTERRUPT.o
                0x0000706e                globalInterruptManipulate
 .text.pcCommunicationInit
                0x000070c2       0x30 ./PcCommunication.o
                0x000070c2                pcCommunicationInit
 .text.asTD     0x000070f2       0x26 ./PcCommunication.o
                0x000070f2                asTD
 .text.sendInitialization
                0x00007118      0x140 ./PcCommunication.o
 .text.setInitialValues
                0x00007258      0x13e ./PcCommunication.o
                0x00007258                setInitialValues
 .text.updateSpeed
                0x00007396       0xa0 ./PcCommunication.o
                0x00007396                updateSpeed
 .text.getInitStatus
                0x00007436       0x12 ./PcCommunication.o
                0x00007436                getInitStatus
 .text.SpiManipulateMode
                0x00007448       0xae ./SpiManager.o
                0x00007448                SpiManipulateMode
 .text.SpiSendData
                0x000074f6       0x54 ./SpiManager.o
                0x000074f6                SpiSendData
 .text.togg     0x0000754a       0x36 ./main.o
                0x0000754a                togg
 .text.main     0x00007580       0x20 ./main.o
                0x00007580                main
 .text.libgcc   0x000075a0       0x3e c:/winavr-20100110/bin/../lib/gcc/avr/4.3.3/avr5\libgcc.a(_mulsi3.o)
                0x000075a0                __mulsi3
 .text.libgcc   0x000075de       0x28 c:/winavr-20100110/bin/../lib/gcc/avr/4.3.3/avr5\libgcc.a(_udivmodhi4.o)
                0x000075de                __udivmodhi4
 .text.libgcc   0x00007606       0x44 c:/winavr-20100110/bin/../lib/gcc/avr/4.3.3/avr5\libgcc.a(_udivmodsi4.o)
                0x00007606                __udivmodsi4
 .text.libgcc   0x0000764a        0x0 c:/winavr-20100110/bin/../lib/gcc/avr/4.3.3/avr5\libgcc.a(_exit.o)
 .text.libgcc   0x0000764a        0x0 c:/winavr-20100110/bin/../lib/gcc/avr/4.3.3/avr5\libgcc.a(_copy_data.o)
 .text.libgcc   0x0000764a        0x0 c:/winavr-20100110/bin/../lib/gcc/avr/4.3.3/avr5\libgcc.a(_clear_bss.o)
 .text.libgcc   0x0000764a       0x38 c:/winavr-20100110/bin/../lib/gcc/avr/4.3.3/avr5\libgcc.a(_prologue.o)
                0x0000764a                __prologue_saves__
 .text.libgcc   0x00007682       0x36 c:/winavr-20100110/bin/../lib/gcc/avr/4.3.3/avr5\libgcc.a(_epilogue.o)
                0x00007682                __epilogue_restores__
                0x000076b8                . = ALIGN (0x2)
 *(.fini9)
 .fini9         0x000076b8        0x0 c:/winavr-20100110/bin/../lib/gcc/avr/4.3.3/avr5\libgcc.a(_exit.o)
                0x000076b8                exit
                0x000076b8                _exit
 *(.fini9)
 *(.fini8)
 *(.fini8)
 *(.fini7)
 *(.fini7)
 *(.fini6)
 *(.fini6)
 *(.fini5)
 *(.fini5)
 *(.fini4)
 *(.fini4)
 *(.fini3)
 *(.fini3)
 *(.fini2)
 *(.fini2)
 *(.fini1)
 *(.fini1)
 *(.fini0)
 .fini0         0x000076b8        0x4 c:/winavr-20100110/bin/../lib/gcc/avr/4.3.3/avr5\libgcc.a(_exit.o)
 *(.fini0)
                0x000076bc                _etext = .

.data           0x00800060      0x14e load address 0x000076bc
                0x00800060                PROVIDE (__data_start, .)
 *(.data)
 .data          0x00800060        0x0 c:/winavr-20100110/bin/../lib/gcc/avr/4.3.3/../../../../avr/lib/avr5/crtm32.o
 .data          0x00800060        0x0 ./MCAL/Usart/src/Usart.o
 .data          0x00800060        0x0 ./MCAL/Timer/src/Timer.o
 .data          0x00800060        0x0 ./MCAL/Timer/src/TimerLcfg.o
 .data          0x00800060        0x0 ./MCAL/Spi/src/Spi.o
 .data          0x00800060        0x0 ./MCAL/Spi/src/SpiLcfg.o
 .data          0x00800060        0x0 ./MCAL/Ext_Interrupt/src/Ext_InterruptSrc.o
 .data          0x00800060        0x0 ./MCAL/Dio/src/Dio.o
 .data          0x00800060        0x0 ./Libraries/LIBRARIES_SRC/SW_Delay.o
 .data          0x00800060        0x0 ./HAL/Ultrasonic/src/Ultrasonic.o
 .data          0x00800060        0x0 ./HAL/SwPwm/src/SwPwm.o
 .data          0x00800060        0x0 ./HAL/SevenSegment/src/7SEGMENT_SRC.o
 .data          0x00800060        0x0 ./HAL/PushButton/src/PushButton.o
 .data          0x00800060        0x0 ./HAL/Led/src/Led.o
 .data          0x00800060        0x0 ./HAL/Icu/src/Icu.o
 .data          0x00800060        0x0 ./HAL/Dc_Motor/src/Dc_Motor.o
 .data          0x00800060        0x0 ./CarMoving.o
 .data          0x00800060        0x0 ./Dir_Control.o
 .data          0x00800060        0x0 ./INTERRUPT.o
 .data          0x00800060        0x0 ./PcCommunication.o
 .data          0x00800060        0x0 ./SpiManager.o
 .data          0x00800060        0x0 ./main.o
 .data          0x00800060        0x0 c:/winavr-20100110/bin/../lib/gcc/avr/4.3.3/avr5\libgcc.a(_mulsi3.o)
 .data          0x00800060        0x0 c:/winavr-20100110/bin/../lib/gcc/avr/4.3.3/avr5\libgcc.a(_udivmodhi4.o)
 .data          0x00800060        0x0 c:/winavr-20100110/bin/../lib/gcc/avr/4.3.3/avr5\libgcc.a(_udivmodsi4.o)
 .data          0x00800060        0x0 c:/winavr-20100110/bin/../lib/gcc/avr/4.3.3/avr5\libgcc.a(_exit.o)
 .data          0x00800060        0x0 c:/winavr-20100110/bin/../lib/gcc/avr/4.3.3/avr5\libgcc.a(_copy_data.o)
 .data          0x00800060        0x0 c:/winavr-20100110/bin/../lib/gcc/avr/4.3.3/avr5\libgcc.a(_clear_bss.o)
 .data          0x00800060        0x0 c:/winavr-20100110/bin/../lib/gcc/avr/4.3.3/avr5\libgcc.a(_muldi3.o)
 .data          0x00800060        0x0 c:/winavr-20100110/bin/../lib/gcc/avr/4.3.3/avr5\libgcc.a(_fixunssfsi.o)
 .data          0x00800060        0x0 c:/winavr-20100110/bin/../lib/gcc/avr/4.3.3/avr5\libgcc.a(_divdi3.o)
 .data          0x00800060        0x0 c:/winavr-20100110/bin/../lib/gcc/avr/4.3.3/avr5\libgcc.a(_addsub_sf.o)
 .data          0x00800060        0x0 c:/winavr-20100110/bin/../lib/gcc/avr/4.3.3/avr5\libgcc.a(_mul_sf.o)
 .data          0x00800060        0x0 c:/winavr-20100110/bin/../lib/gcc/avr/4.3.3/avr5\libgcc.a(_div_sf.o)
 .data          0x00800060        0x0 c:/winavr-20100110/bin/../lib/gcc/avr/4.3.3/avr5\libgcc.a(_gt_sf.o)
 .data          0x00800060        0x0 c:/winavr-20100110/bin/../lib/gcc/avr/4.3.3/avr5\libgcc.a(_ge_sf.o)
 .data          0x00800060        0x0 c:/winavr-20100110/bin/../lib/gcc/avr/4.3.3/avr5\libgcc.a(_lt_sf.o)
 .data          0x00800060        0x0 c:/winavr-20100110/bin/../lib/gcc/avr/4.3.3/avr5\libgcc.a(_sf_to_si.o)
 .data          0x00800060        0x8 c:/winavr-20100110/bin/../lib/gcc/avr/4.3.3/avr5\libgcc.a(_thenan_sf.o)
                0x00800060                __thenan_sf
 .data          0x00800068        0x0 c:/winavr-20100110/bin/../lib/gcc/avr/4.3.3/avr5\libgcc.a(_usi_to_sf.o)
 .data          0x00800068        0x0 c:/winavr-20100110/bin/../lib/gcc/avr/4.3.3/avr5\libgcc.a(_prologue.o)
 .data          0x00800068        0x0 c:/winavr-20100110/bin/../lib/gcc/avr/4.3.3/avr5\libgcc.a(_epilogue.o)
 .data          0x00800068      0x100 c:/winavr-20100110/bin/../lib/gcc/avr/4.3.3/avr5\libgcc.a(_clz.o)
                0x00800068                __clz_tab
 .data          0x00800168        0x0 c:/winavr-20100110/bin/../lib/gcc/avr/4.3.3/avr5\libgcc.a(_clzsi2.o)
 .data          0x00800168        0x0 c:/winavr-20100110/bin/../lib/gcc/avr/4.3.3/avr5\libgcc.a(_pack_sf.o)
 .data          0x00800168        0x0 c:/winavr-20100110/bin/../lib/gcc/avr/4.3.3/avr5\libgcc.a(_unpack_sf.o)
 .data          0x00800168        0x0 c:/winavr-20100110/bin/../lib/gcc/avr/4.3.3/avr5\libgcc.a(_fpcmp_parts_sf.o)
 *(.data*)
 .data.timerPostCfgStruct
                0x00800168        0x5 ./MCAL/Timer/src/TimerLcfg.o
                0x00800168                timerPostCfgStruct
 .data.timerPostCfgStruct2
                0x0080016d        0x5 ./MCAL/Timer/src/TimerLcfg.o
                0x0080016d                timerPostCfgStruct2
 .data.spiCfg   0x00800172        0x6 ./MCAL/Spi/src/SpiLcfg.o
                0x00800172                spiCfg
 .data.arrOfUsedExternalInterruptModes
                0x00800178        0x3 ./MCAL/Ext_Interrupt/src/Ext_InterruptSrc.o
                0x00800178                arrOfUsedExternalInterruptModes
 .data.arrOfPins
                0x0080017b        0x8 ./HAL/SevenSegment/src/7SEGMENT_SRC.o
                0x0080017b                arrOfPins
 .data.arrOfPinsPorts
                0x00800183        0x8 ./HAL/SevenSegment/src/7SEGMENT_SRC.o
                0x00800183                arrOfPinsPorts
 .data.arrOfEnablePorts
                0x0080018b        0x2 ./HAL/SevenSegment/src/7SEGMENT_SRC.o
                0x0080018b                arrOfEnablePorts
 .data.arrOfEnablePins
                0x0080018d        0x2 ./HAL/SevenSegment/src/7SEGMENT_SRC.o
                0x0080018d                arrOfEnablePins
 .data.arrOfAvailableNumbers
                0x0080018f       0x10 ./HAL/SevenSegment/src/7SEGMENT_SRC.o
                0x0080018f                arrOfAvailableNumbers
 .data.PBUTTONS_BITS
                0x0080019f        0x2 ./HAL/PushButton/src/PushButton.o
                0x0080019f                PBUTTONS_BITS
 .data.PBUTTONS_PORTS
                0x008001a1        0x2 ./HAL/PushButton/src/PushButton.o
                0x008001a1                PBUTTONS_PORTS
 .data.LEDS_BITS
                0x008001a3        0x4 ./HAL/Led/src/Led.o
                0x008001a3                LEDS_BITS
 .data.LEDS_PORTS
                0x008001a7        0x4 ./HAL/Led/src/Led.o
                0x008001a7                LEDS_PORTS
 .data.endCharacter
                0x008001ab        0x1 ./PcCommunication.o
 .data.arrOfSlavesPorts
                0x008001ac        0x1 ./SpiManager.o
                0x008001ac                arrOfSlavesPorts
 .data.arrOfSlavesPins
                0x008001ad        0x1 ./SpiManager.o
                0x008001ad                arrOfSlavesPins
 *(.rodata)
 *(.rodata*)
 *(.gnu.linkonce.d*)
                0x008001ae                . = ALIGN (0x2)
                0x008001ae                _edata = .
                0x008001ae                PROVIDE (__data_end, .)

.bss            0x008001ae       0x6c
                0x008001ae                PROVIDE (__bss_start, .)
 *(.bss)
 .bss           0x008001ae        0x0 c:/winavr-20100110/bin/../lib/gcc/avr/4.3.3/../../../../avr/lib/avr5/crtm32.o
 .bss           0x008001ae        0x0 ./MCAL/Usart/src/Usart.o
 .bss           0x008001ae        0x0 ./MCAL/Timer/src/Timer.o
 .bss           0x008001ae        0x0 ./MCAL/Timer/src/TimerLcfg.o
 .bss           0x008001ae        0x0 ./MCAL/Spi/src/Spi.o
 .bss           0x008001ae        0x0 ./MCAL/Spi/src/SpiLcfg.o
 .bss           0x008001ae        0x0 ./MCAL/Ext_Interrupt/src/Ext_InterruptSrc.o
 .bss           0x008001ae        0x0 ./MCAL/Dio/src/Dio.o
 .bss           0x008001ae        0x0 ./Libraries/LIBRARIES_SRC/SW_Delay.o
 .bss           0x008001ae        0x0 ./HAL/Ultrasonic/src/Ultrasonic.o
 .bss           0x008001ae        0x0 ./HAL/SwPwm/src/SwPwm.o
 .bss           0x008001ae        0x0 ./HAL/SevenSegment/src/7SEGMENT_SRC.o
 .bss           0x008001ae        0x0 ./HAL/PushButton/src/PushButton.o
 .bss           0x008001ae        0x0 ./HAL/Led/src/Led.o
 .bss           0x008001ae        0x0 ./HAL/Icu/src/Icu.o
 .bss           0x008001ae        0x0 ./HAL/Dc_Motor/src/Dc_Motor.o
 .bss           0x008001ae        0x0 ./CarMoving.o
 .bss           0x008001ae        0x0 ./Dir_Control.o
 .bss           0x008001ae        0x0 ./INTERRUPT.o
 .bss           0x008001ae        0x0 ./PcCommunication.o
 .bss           0x008001ae        0x0 ./SpiManager.o
 .bss           0x008001ae        0x0 ./main.o
 .bss           0x008001ae        0x0 c:/winavr-20100110/bin/../lib/gcc/avr/4.3.3/avr5\libgcc.a(_mulsi3.o)
 .bss           0x008001ae        0x0 c:/winavr-20100110/bin/../lib/gcc/avr/4.3.3/avr5\libgcc.a(_udivmodhi4.o)
 .bss           0x008001ae        0x0 c:/winavr-20100110/bin/../lib/gcc/avr/4.3.3/avr5\libgcc.a(_udivmodsi4.o)
 .bss           0x008001ae        0x0 c:/winavr-20100110/bin/../lib/gcc/avr/4.3.3/avr5\libgcc.a(_exit.o)
 .bss           0x008001ae        0x0 c:/winavr-20100110/bin/../lib/gcc/avr/4.3.3/avr5\libgcc.a(_copy_data.o)
 .bss           0x008001ae        0x0 c:/winavr-20100110/bin/../lib/gcc/avr/4.3.3/avr5\libgcc.a(_clear_bss.o)
 .bss           0x008001ae        0x0 c:/winavr-20100110/bin/../lib/gcc/avr/4.3.3/avr5\libgcc.a(_muldi3.o)
 .bss           0x008001ae        0x0 c:/winavr-20100110/bin/../lib/gcc/avr/4.3.3/avr5\libgcc.a(_fixunssfsi.o)
 .bss           0x008001ae        0x0 c:/winavr-20100110/bin/../lib/gcc/avr/4.3.3/avr5\libgcc.a(_divdi3.o)
 .bss           0x008001ae        0x0 c:/winavr-20100110/bin/../lib/gcc/avr/4.3.3/avr5\libgcc.a(_addsub_sf.o)
 .bss           0x008001ae        0x0 c:/winavr-20100110/bin/../lib/gcc/avr/4.3.3/avr5\libgcc.a(_mul_sf.o)
 .bss           0x008001ae        0x0 c:/winavr-20100110/bin/../lib/gcc/avr/4.3.3/avr5\libgcc.a(_div_sf.o)
 .bss           0x008001ae        0x0 c:/winavr-20100110/bin/../lib/gcc/avr/4.3.3/avr5\libgcc.a(_gt_sf.o)
 .bss           0x008001ae        0x0 c:/winavr-20100110/bin/../lib/gcc/avr/4.3.3/avr5\libgcc.a(_ge_sf.o)
 .bss           0x008001ae        0x0 c:/winavr-20100110/bin/../lib/gcc/avr/4.3.3/avr5\libgcc.a(_lt_sf.o)
 .bss           0x008001ae        0x0 c:/winavr-20100110/bin/../lib/gcc/avr/4.3.3/avr5\libgcc.a(_sf_to_si.o)
 .bss           0x008001ae        0x0 c:/winavr-20100110/bin/../lib/gcc/avr/4.3.3/avr5\libgcc.a(_thenan_sf.o)
 .bss           0x008001ae        0x0 c:/winavr-20100110/bin/../lib/gcc/avr/4.3.3/avr5\libgcc.a(_usi_to_sf.o)
 .bss           0x008001ae        0x0 c:/winavr-20100110/bin/../lib/gcc/avr/4.3.3/avr5\libgcc.a(_prologue.o)
 .bss           0x008001ae        0x0 c:/winavr-20100110/bin/../lib/gcc/avr/4.3.3/avr5\libgcc.a(_epilogue.o)
 .bss           0x008001ae        0x0 c:/winavr-20100110/bin/../lib/gcc/avr/4.3.3/avr5\libgcc.a(_clz.o)
 .bss           0x008001ae        0x0 c:/winavr-20100110/bin/../lib/gcc/avr/4.3.3/avr5\libgcc.a(_clzsi2.o)
 .bss           0x008001ae        0x0 c:/winavr-20100110/bin/../lib/gcc/avr/4.3.3/avr5\libgcc.a(_pack_sf.o)
 .bss           0x008001ae        0x0 c:/winavr-20100110/bin/../lib/gcc/avr/4.3.3/avr5\libgcc.a(_unpack_sf.o)
 .bss           0x008001ae        0x0 c:/winavr-20100110/bin/../lib/gcc/avr/4.3.3/avr5\libgcc.a(_fpcmp_parts_sf.o)
 *(.bss*)
 .bss.receivedValue
                0x008001ae        0x1 ./MCAL/Usart/src/Usart.o
 .bss.bitNinthFlag
                0x008001af        0x1 ./MCAL/Usart/src/Usart.o
 .bss.cbs       0x008001b0        0x6 ./MCAL/Usart/src/Usart.o
 .bss.dataToBeSent
                0x008001b6        0x2 ./MCAL/Usart/src/Usart.o
 .bss.IMER0IcuOverFlows
                0x008001b8        0x4 ./MCAL/Timer/src/Timer.o
 .bss.prescalerValue
                0x008001bc        0x1 ./MCAL/Timer/src/Timer.o
 .bss.TIMER0_ptOverFlowCallBackFunction
                0x008001bd        0x2 ./MCAL/Timer/src/Timer.o
 .bss.numberOfOverFlows
                0x008001bf        0x4 ./MCAL/Timer/src/Timer.o
 .bss.TIMER0_preservedNumberOfOverflows
                0x008001c3        0x4 ./MCAL/Timer/src/Timer.o
 .bss.TIMER0_OCRValue
                0x008001c7        0x4 ./MCAL/Timer/src/Timer.o
 .bss.ptToPwmFunction
                0x008001cb        0x2 ./MCAL/Timer/src/Timer.o
 .bss.TIMER1_prescalerValue
                0x008001cd        0x1 ./MCAL/Timer/src/Timer.o
 .bss.TIMER1_OCRValue
                0x008001ce        0x2 ./MCAL/Timer/src/Timer.o
 .bss.MTIMER1_ptToPwmFunction
                0x008001d0        0x2 ./MCAL/Timer/src/Timer.o
 .bss.TIMER1_numberOfOverFlows
                0x008001d2        0x4 ./MCAL/Timer/src/Timer.o
 .bss.TIMER1_preservedNumberOfOverFlows
                0x008001d6        0x4 ./MCAL/Timer/src/Timer.o
 .bss.TIMER1_ptOverFlowCallBackFunction
                0x008001da        0x2 ./MCAL/Timer/src/Timer.o
 .bss.TIMER2_prescalerValue
                0x008001dc        0x2 ./MCAL/Timer/src/Timer.o
 .bss.TIMER2OcrValue
                0x008001de        0x2 ./MCAL/Timer/src/Timer.o
 .bss.TIMER2_numberOfOverFlows
                0x008001e0        0x4 ./MCAL/Timer/src/Timer.o
 .bss.TIMER2_preservedNumberOfOverFlows
                0x008001e4        0x4 ./MCAL/Timer/src/Timer.o
 .bss.TIMER2_ptCallBackFunction
                0x008001e8        0x2 ./MCAL/Timer/src/Timer.o
 .bss.data      0x008001ea        0x1 ./MCAL/Spi/src/Spi.o
 .bss.arrOfUsedExternalInterrupt
                0x008001eb        0x3 ./MCAL/Ext_Interrupt/src/Ext_InterruptSrc.o
                0x008001eb                arrOfUsedExternalInterrupt
 .bss.LEDS_VALUES
                0x008001ee        0x4 ./HAL/Led/src/Led.o
                0x008001ee                LEDS_VALUES
 .bss.entrant   0x008001f2        0x1 ./HAL/Icu/src/Icu.o
 .bss.flag2     0x008001f3        0x1 ./HAL/Icu/src/Icu.o
                0x008001f3                flag2
 .bss.counts    0x008001f4        0x1 ./HAL/Icu/src/Icu.o
                0x008001f4                counts
 .bss.T1.1378   0x008001f5        0x4 ./HAL/Icu/src/Icu.o
 .bss.T0.1377   0x008001f9        0x4 ./HAL/Icu/src/Icu.o
 .bss.TON       0x008001fd        0x4 ./HAL/Icu/src/Icu.o
 .bss.currentState
                0x00800201        0x1 ./CarMoving.o
                0x00800201                currentState
 .bss.endInit   0x00800202        0x1 ./PcCommunication.o
 .bss.InitialTime
                0x00800203        0x4 ./PcCommunication.o
 .bss.InitialSpeed
                0x00800207        0x4 ./PcCommunication.o
 .bss.flag.1354
                0x0080020b        0x1 ./PcCommunication.o
 .bss.counter.1353
                0x0080020c        0x1 ./PcCommunication.o
 .bss.pressedButton2.1405
                0x0080020d        0x1 ./PcCommunication.o
 .bss.pressedButton1.1404
                0x0080020e        0x1 ./PcCommunication.o
 .bss.flag      0x0080020f        0x1 ./main.o
                0x0080020f                flag
 *(COMMON)
 COMMON         0x00800210        0x2 ./MCAL/Timer/src/Timer.o
                0x00800210                MTIMER2_ptToPwmFunction
 COMMON         0x00800212        0x2 ./MCAL/Spi/src/Spi.o
                0x00800212                spiHandler
 COMMON         0x00800214        0x6 ./MCAL/Ext_Interrupt/src/Ext_InterruptSrc.o
                0x00800214                ptToExtiCallBackFunction2
                0x00800216                ptToExtiCallBackFunction1
                0x00800218                ptToExtiCallBackFunction3
                0x0080021a                PROVIDE (__bss_end, .)
                0x000076bc                __data_load_start = LOADADDR (.data)
                0x0000780a                __data_load_end = (__data_load_start + SIZEOF (.data))

.noinit         0x0080021a        0x0
                0x0080021a                PROVIDE (__noinit_start, .)
 *(.noinit*)
                0x0080021a                PROVIDE (__noinit_end, .)
                0x0080021a                _end = .
                0x0080021a                PROVIDE (__heap_start, .)

.eeprom         0x00810000        0x0
 *(.eeprom*)
                0x00810000                __eeprom_end = .

.fuse
 *(.fuse)
 *(.lfuse)
 *(.hfuse)
 *(.efuse)

.lock
 *(.lock*)

.signature
 *(.signature*)

.stab           0x00000000     0x6a08
 *(.stab)
 .stab          0x00000000      0x6a8 ./MCAL/Usart/src/Usart.o
 .stab          0x000006a8     0x1c08 ./MCAL/Timer/src/Timer.o
                               0x1c14 (size before relaxing)
 .stab          0x000022b0      0x108 ./MCAL/Timer/src/TimerLcfg.o
                                0x1c8 (size before relaxing)
 .stab          0x000023b8      0x4d4 ./MCAL/Spi/src/Spi.o
                                0x594 (size before relaxing)
 .stab          0x0000288c       0xfc ./MCAL/Spi/src/SpiLcfg.o
                                0x1bc (size before relaxing)
 .stab          0x00002988      0x5a0 ./MCAL/Ext_Interrupt/src/Ext_InterruptSrc.o
                                0x5ac (size before relaxing)
 .stab          0x00002f28     0x1014 ./MCAL/Dio/src/Dio.o
                               0x1044 (size before relaxing)
 .stab          0x00003f3c      0x204 ./Libraries/LIBRARIES_SRC/SW_Delay.o
                                0x210 (size before relaxing)
 .stab          0x00004140      0x51c ./HAL/Ultrasonic/src/Ultrasonic.o
                                0x5dc (size before relaxing)
 .stab          0x0000465c      0x210 ./HAL/SwPwm/src/SwPwm.o
                                0x2d0 (size before relaxing)
 .stab          0x0000486c      0x3e4 ./HAL/SevenSegment/src/7SEGMENT_SRC.o
                                0x414 (size before relaxing)
 .stab          0x00004c50      0x288 ./HAL/PushButton/src/PushButton.o
                                0x2b8 (size before relaxing)
 .stab          0x00004ed8      0x390 ./HAL/Led/src/Led.o
                                0x3c0 (size before relaxing)
 .stab          0x00005268      0x30c ./HAL/Icu/src/Icu.o
                                0x3f0 (size before relaxing)
 .stab          0x00005574      0x3f0 ./HAL/Dc_Motor/src/Dc_Motor.o
                                0x4d4 (size before relaxing)
 .stab          0x00005964      0x330 ./CarMoving.o
                                0x384 (size before relaxing)
 .stab          0x00005c94      0x2a0 ./Dir_Control.o
                                0x360 (size before relaxing)
 .stab          0x00005f34      0x138 ./INTERRUPT.o
                                0x1d4 (size before relaxing)
 .stab          0x0000606c      0x540 ./PcCommunication.o
                                0x624 (size before relaxing)
 .stab          0x000065ac      0x2a0 ./SpiManager.o
                                0x384 (size before relaxing)
 .stab          0x0000684c      0x1bc ./main.o
                                0x2c4 (size before relaxing)

.stabstr        0x00000000     0x28ad
 *(.stabstr)
 .stabstr       0x00000000     0x28ad ./MCAL/Usart/src/Usart.o

.stab.excl
 *(.stab.excl)

.stab.exclstr
 *(.stab.exclstr)

.stab.index
 *(.stab.index)

.stab.indexstr
 *(.stab.indexstr)

.comment
 *(.comment)

.debug
 *(.debug)

.line
 *(.line)

.debug_srcinfo
 *(.debug_srcinfo)

.debug_sfnames
 *(.debug_sfnames)

.debug_aranges  0x00000000      0x1e0
 *(.debug_aranges)
 .debug_aranges
                0x00000000       0x20 c:/winavr-20100110/bin/../lib/gcc/avr/4.3.3/avr5\libgcc.a(_muldi3.o)
 .debug_aranges
                0x00000020       0x20 c:/winavr-20100110/bin/../lib/gcc/avr/4.3.3/avr5\libgcc.a(_fixunssfsi.o)
 .debug_aranges
                0x00000040       0x20 c:/winavr-20100110/bin/../lib/gcc/avr/4.3.3/avr5\libgcc.a(_divdi3.o)
 .debug_aranges
                0x00000060       0x20 c:/winavr-20100110/bin/../lib/gcc/avr/4.3.3/avr5\libgcc.a(_addsub_sf.o)
 .debug_aranges
                0x00000080       0x20 c:/winavr-20100110/bin/../lib/gcc/avr/4.3.3/avr5\libgcc.a(_mul_sf.o)
 .debug_aranges
                0x000000a0       0x20 c:/winavr-20100110/bin/../lib/gcc/avr/4.3.3/avr5\libgcc.a(_div_sf.o)
 .debug_aranges
                0x000000c0       0x20 c:/winavr-20100110/bin/../lib/gcc/avr/4.3.3/avr5\libgcc.a(_gt_sf.o)
 .debug_aranges
                0x000000e0       0x20 c:/winavr-20100110/bin/../lib/gcc/avr/4.3.3/avr5\libgcc.a(_ge_sf.o)
 .debug_aranges
                0x00000100       0x20 c:/winavr-20100110/bin/../lib/gcc/avr/4.3.3/avr5\libgcc.a(_lt_sf.o)
 .debug_aranges
                0x00000120       0x20 c:/winavr-20100110/bin/../lib/gcc/avr/4.3.3/avr5\libgcc.a(_sf_to_si.o)
 .debug_aranges
                0x00000140       0x20 c:/winavr-20100110/bin/../lib/gcc/avr/4.3.3/avr5\libgcc.a(_usi_to_sf.o)
 .debug_aranges
                0x00000160       0x20 c:/winavr-20100110/bin/../lib/gcc/avr/4.3.3/avr5\libgcc.a(_clzsi2.o)
 .debug_aranges
                0x00000180       0x20 c:/winavr-20100110/bin/../lib/gcc/avr/4.3.3/avr5\libgcc.a(_pack_sf.o)
 .debug_aranges
                0x000001a0       0x20 c:/winavr-20100110/bin/../lib/gcc/avr/4.3.3/avr5\libgcc.a(_unpack_sf.o)
 .debug_aranges
                0x000001c0       0x20 c:/winavr-20100110/bin/../lib/gcc/avr/4.3.3/avr5\libgcc.a(_fpcmp_parts_sf.o)

.debug_pubnames
                0x00000000      0x230
 *(.debug_pubnames)
 .debug_pubnames
                0x00000000       0x1f c:/winavr-20100110/bin/../lib/gcc/avr/4.3.3/avr5\libgcc.a(_muldi3.o)
 .debug_pubnames
                0x0000001f       0x23 c:/winavr-20100110/bin/../lib/gcc/avr/4.3.3/avr5\libgcc.a(_fixunssfsi.o)
 .debug_pubnames
                0x00000042       0x1f c:/winavr-20100110/bin/../lib/gcc/avr/4.3.3/avr5\libgcc.a(_divdi3.o)
 .debug_pubnames
                0x00000061       0x2c c:/winavr-20100110/bin/../lib/gcc/avr/4.3.3/avr5\libgcc.a(_addsub_sf.o)
 .debug_pubnames
                0x0000008d       0x1f c:/winavr-20100110/bin/../lib/gcc/avr/4.3.3/avr5\libgcc.a(_mul_sf.o)
 .debug_pubnames
                0x000000ac       0x1f c:/winavr-20100110/bin/../lib/gcc/avr/4.3.3/avr5\libgcc.a(_div_sf.o)
 .debug_pubnames
                0x000000cb       0x1e c:/winavr-20100110/bin/../lib/gcc/avr/4.3.3/avr5\libgcc.a(_gt_sf.o)
 .debug_pubnames
                0x000000e9       0x1e c:/winavr-20100110/bin/../lib/gcc/avr/4.3.3/avr5\libgcc.a(_ge_sf.o)
 .debug_pubnames
                0x00000107       0x1e c:/winavr-20100110/bin/../lib/gcc/avr/4.3.3/avr5\libgcc.a(_lt_sf.o)
 .debug_pubnames
                0x00000125       0x20 c:/winavr-20100110/bin/../lib/gcc/avr/4.3.3/avr5\libgcc.a(_sf_to_si.o)
 .debug_pubnames
                0x00000145       0x22 c:/winavr-20100110/bin/../lib/gcc/avr/4.3.3/avr5\libgcc.a(_thenan_sf.o)
 .debug_pubnames
                0x00000167       0x24 c:/winavr-20100110/bin/../lib/gcc/avr/4.3.3/avr5\libgcc.a(_usi_to_sf.o)
 .debug_pubnames
                0x0000018b       0x20 c:/winavr-20100110/bin/../lib/gcc/avr/4.3.3/avr5\libgcc.a(_clz.o)
 .debug_pubnames
                0x000001ab       0x1f c:/winavr-20100110/bin/../lib/gcc/avr/4.3.3/avr5\libgcc.a(_clzsi2.o)
 .debug_pubnames
                0x000001ca       0x1f c:/winavr-20100110/bin/../lib/gcc/avr/4.3.3/avr5\libgcc.a(_pack_sf.o)
 .debug_pubnames
                0x000001e9       0x21 c:/winavr-20100110/bin/../lib/gcc/avr/4.3.3/avr5\libgcc.a(_unpack_sf.o)
 .debug_pubnames
                0x0000020a       0x26 c:/winavr-20100110/bin/../lib/gcc/avr/4.3.3/avr5\libgcc.a(_fpcmp_parts_sf.o)

.debug_info     0x00000000     0x2d67
 *(.debug_info)
 .debug_info    0x00000000      0x206 c:/winavr-20100110/bin/../lib/gcc/avr/4.3.3/avr5\libgcc.a(_muldi3.o)
 .debug_info    0x00000206       0xb1 c:/winavr-20100110/bin/../lib/gcc/avr/4.3.3/avr5\libgcc.a(_fixunssfsi.o)
 .debug_info    0x000002b7      0x756 c:/winavr-20100110/bin/../lib/gcc/avr/4.3.3/avr5\libgcc.a(_divdi3.o)
 .debug_info    0x00000a0d      0x47a c:/winavr-20100110/bin/../lib/gcc/avr/4.3.3/avr5\libgcc.a(_addsub_sf.o)
 .debug_info    0x00000e87      0x485 c:/winavr-20100110/bin/../lib/gcc/avr/4.3.3/avr5\libgcc.a(_mul_sf.o)
 .debug_info    0x0000130c      0x3fc c:/winavr-20100110/bin/../lib/gcc/avr/4.3.3/avr5\libgcc.a(_div_sf.o)
 .debug_info    0x00001708      0x27f c:/winavr-20100110/bin/../lib/gcc/avr/4.3.3/avr5\libgcc.a(_gt_sf.o)
 .debug_info    0x00001987      0x27f c:/winavr-20100110/bin/../lib/gcc/avr/4.3.3/avr5\libgcc.a(_ge_sf.o)
 .debug_info    0x00001c06      0x27f c:/winavr-20100110/bin/../lib/gcc/avr/4.3.3/avr5\libgcc.a(_lt_sf.o)
 .debug_info    0x00001e85      0x2b0 c:/winavr-20100110/bin/../lib/gcc/avr/4.3.3/avr5\libgcc.a(_sf_to_si.o)
 .debug_info    0x00002135      0x12c c:/winavr-20100110/bin/../lib/gcc/avr/4.3.3/avr5\libgcc.a(_thenan_sf.o)
 .debug_info    0x00002261      0x206 c:/winavr-20100110/bin/../lib/gcc/avr/4.3.3/avr5\libgcc.a(_usi_to_sf.o)
 .debug_info    0x00002467       0xa9 c:/winavr-20100110/bin/../lib/gcc/avr/4.3.3/avr5\libgcc.a(_clz.o)
 .debug_info    0x00002510      0x117 c:/winavr-20100110/bin/../lib/gcc/avr/4.3.3/avr5\libgcc.a(_clzsi2.o)
 .debug_info    0x00002627      0x2df c:/winavr-20100110/bin/../lib/gcc/avr/4.3.3/avr5\libgcc.a(_pack_sf.o)
 .debug_info    0x00002906      0x251 c:/winavr-20100110/bin/../lib/gcc/avr/4.3.3/avr5\libgcc.a(_unpack_sf.o)
 .debug_info    0x00002b57      0x210 c:/winavr-20100110/bin/../lib/gcc/avr/4.3.3/avr5\libgcc.a(_fpcmp_parts_sf.o)
 *(.gnu.linkonce.wi.*)

.debug_abbrev   0x00000000     0x1615
 *(.debug_abbrev)
 .debug_abbrev  0x00000000       0xf0 c:/winavr-20100110/bin/../lib/gcc/avr/4.3.3/avr5\libgcc.a(_muldi3.o)
 .debug_abbrev  0x000000f0       0x5d c:/winavr-20100110/bin/../lib/gcc/avr/4.3.3/avr5\libgcc.a(_fixunssfsi.o)
 .debug_abbrev  0x0000014d      0x19f c:/winavr-20100110/bin/../lib/gcc/avr/4.3.3/avr5\libgcc.a(_divdi3.o)
 .debug_abbrev  0x000002ec      0x1ea c:/winavr-20100110/bin/../lib/gcc/avr/4.3.3/avr5\libgcc.a(_addsub_sf.o)
 .debug_abbrev  0x000004d6      0x21b c:/winavr-20100110/bin/../lib/gcc/avr/4.3.3/avr5\libgcc.a(_mul_sf.o)
 .debug_abbrev  0x000006f1      0x216 c:/winavr-20100110/bin/../lib/gcc/avr/4.3.3/avr5\libgcc.a(_div_sf.o)
 .debug_abbrev  0x00000907      0x15a c:/winavr-20100110/bin/../lib/gcc/avr/4.3.3/avr5\libgcc.a(_gt_sf.o)
 .debug_abbrev  0x00000a61      0x15a c:/winavr-20100110/bin/../lib/gcc/avr/4.3.3/avr5\libgcc.a(_ge_sf.o)
 .debug_abbrev  0x00000bbb      0x15a c:/winavr-20100110/bin/../lib/gcc/avr/4.3.3/avr5\libgcc.a(_lt_sf.o)
 .debug_abbrev  0x00000d15      0x17f c:/winavr-20100110/bin/../lib/gcc/avr/4.3.3/avr5\libgcc.a(_sf_to_si.o)
 .debug_abbrev  0x00000e94       0xad c:/winavr-20100110/bin/../lib/gcc/avr/4.3.3/avr5\libgcc.a(_thenan_sf.o)
 .debug_abbrev  0x00000f41      0x157 c:/winavr-20100110/bin/../lib/gcc/avr/4.3.3/avr5\libgcc.a(_usi_to_sf.o)
 .debug_abbrev  0x00001098       0x6a c:/winavr-20100110/bin/../lib/gcc/avr/4.3.3/avr5\libgcc.a(_clz.o)
 .debug_abbrev  0x00001102       0xc4 c:/winavr-20100110/bin/../lib/gcc/avr/4.3.3/avr5\libgcc.a(_clzsi2.o)
 .debug_abbrev  0x000011c6      0x1c0 c:/winavr-20100110/bin/../lib/gcc/avr/4.3.3/avr5\libgcc.a(_pack_sf.o)
 .debug_abbrev  0x00001386      0x154 c:/winavr-20100110/bin/../lib/gcc/avr/4.3.3/avr5\libgcc.a(_unpack_sf.o)
 .debug_abbrev  0x000014da      0x13b c:/winavr-20100110/bin/../lib/gcc/avr/4.3.3/avr5\libgcc.a(_fpcmp_parts_sf.o)

.debug_line     0x00000000     0x14ad
 *(.debug_line)
 .debug_line    0x00000000       0xaf c:/winavr-20100110/bin/../lib/gcc/avr/4.3.3/avr5\libgcc.a(_muldi3.o)
 .debug_line    0x000000af       0xa7 c:/winavr-20100110/bin/../lib/gcc/avr/4.3.3/avr5\libgcc.a(_fixunssfsi.o)
 .debug_line    0x00000156      0x228 c:/winavr-20100110/bin/../lib/gcc/avr/4.3.3/avr5\libgcc.a(_divdi3.o)
 .debug_line    0x0000037e      0x2af c:/winavr-20100110/bin/../lib/gcc/avr/4.3.3/avr5\libgcc.a(_addsub_sf.o)
 .debug_line    0x0000062d      0x239 c:/winavr-20100110/bin/../lib/gcc/avr/4.3.3/avr5\libgcc.a(_mul_sf.o)
 .debug_line    0x00000866      0x1d5 c:/winavr-20100110/bin/../lib/gcc/avr/4.3.3/avr5\libgcc.a(_div_sf.o)
 .debug_line    0x00000a3b       0xd3 c:/winavr-20100110/bin/../lib/gcc/avr/4.3.3/avr5\libgcc.a(_gt_sf.o)
 .debug_line    0x00000b0e       0xd3 c:/winavr-20100110/bin/../lib/gcc/avr/4.3.3/avr5\libgcc.a(_ge_sf.o)
 .debug_line    0x00000be1       0xd3 c:/winavr-20100110/bin/../lib/gcc/avr/4.3.3/avr5\libgcc.a(_lt_sf.o)
 .debug_line    0x00000cb4      0x109 c:/winavr-20100110/bin/../lib/gcc/avr/4.3.3/avr5\libgcc.a(_sf_to_si.o)
 .debug_line    0x00000dbd       0x90 c:/winavr-20100110/bin/../lib/gcc/avr/4.3.3/avr5\libgcc.a(_thenan_sf.o)
 .debug_line    0x00000e4d      0x133 c:/winavr-20100110/bin/../lib/gcc/avr/4.3.3/avr5\libgcc.a(_usi_to_sf.o)
 .debug_line    0x00000f80       0x7c c:/winavr-20100110/bin/../lib/gcc/avr/4.3.3/avr5\libgcc.a(_clz.o)
 .debug_line    0x00000ffc       0xa5 c:/winavr-20100110/bin/../lib/gcc/avr/4.3.3/avr5\libgcc.a(_clzsi2.o)
 .debug_line    0x000010a1      0x18a c:/winavr-20100110/bin/../lib/gcc/avr/4.3.3/avr5\libgcc.a(_pack_sf.o)
 .debug_line    0x0000122b      0x14b c:/winavr-20100110/bin/../lib/gcc/avr/4.3.3/avr5\libgcc.a(_unpack_sf.o)
 .debug_line    0x00001376      0x137 c:/winavr-20100110/bin/../lib/gcc/avr/4.3.3/avr5\libgcc.a(_fpcmp_parts_sf.o)

.debug_frame    0x00000000      0x200
 *(.debug_frame)
 .debug_frame   0x00000000       0x20 c:/winavr-20100110/bin/../lib/gcc/avr/4.3.3/avr5\libgcc.a(_muldi3.o)
 .debug_frame   0x00000020       0x20 c:/winavr-20100110/bin/../lib/gcc/avr/4.3.3/avr5\libgcc.a(_fixunssfsi.o)
 .debug_frame   0x00000040       0x20 c:/winavr-20100110/bin/../lib/gcc/avr/4.3.3/avr5\libgcc.a(_divdi3.o)
 .debug_frame   0x00000060       0x40 c:/winavr-20100110/bin/../lib/gcc/avr/4.3.3/avr5\libgcc.a(_addsub_sf.o)
 .debug_frame   0x000000a0       0x20 c:/winavr-20100110/bin/../lib/gcc/avr/4.3.3/avr5\libgcc.a(_mul_sf.o)
 .debug_frame   0x000000c0       0x20 c:/winavr-20100110/bin/../lib/gcc/avr/4.3.3/avr5\libgcc.a(_div_sf.o)
 .debug_frame   0x000000e0       0x20 c:/winavr-20100110/bin/../lib/gcc/avr/4.3.3/avr5\libgcc.a(_gt_sf.o)
 .debug_frame   0x00000100       0x20 c:/winavr-20100110/bin/../lib/gcc/avr/4.3.3/avr5\libgcc.a(_ge_sf.o)
 .debug_frame   0x00000120       0x20 c:/winavr-20100110/bin/../lib/gcc/avr/4.3.3/avr5\libgcc.a(_lt_sf.o)
 .debug_frame   0x00000140       0x20 c:/winavr-20100110/bin/../lib/gcc/avr/4.3.3/avr5\libgcc.a(_sf_to_si.o)
 .debug_frame   0x00000160       0x20 c:/winavr-20100110/bin/../lib/gcc/avr/4.3.3/avr5\libgcc.a(_usi_to_sf.o)
 .debug_frame   0x00000180       0x20 c:/winavr-20100110/bin/../lib/gcc/avr/4.3.3/avr5\libgcc.a(_clzsi2.o)
 .debug_frame   0x000001a0       0x20 c:/winavr-20100110/bin/../lib/gcc/avr/4.3.3/avr5\libgcc.a(_pack_sf.o)
 .debug_frame   0x000001c0       0x20 c:/winavr-20100110/bin/../lib/gcc/avr/4.3.3/avr5\libgcc.a(_unpack_sf.o)
 .debug_frame   0x000001e0       0x20 c:/winavr-20100110/bin/../lib/gcc/avr/4.3.3/avr5\libgcc.a(_fpcmp_parts_sf.o)

.debug_str      0x00000000      0x374
 *(.debug_str)
 .debug_str     0x00000000       0xed c:/winavr-20100110/bin/../lib/gcc/avr/4.3.3/avr5\libgcc.a(_muldi3.o)
                                0x13f (size before relaxing)
 .debug_str     0x000000ed       0x14 c:/winavr-20100110/bin/../lib/gcc/avr/4.3.3/avr5\libgcc.a(_fixunssfsi.o)
                                 0xfe (size before relaxing)
 .debug_str     0x00000101       0x53 c:/winavr-20100110/bin/../lib/gcc/avr/4.3.3/avr5\libgcc.a(_divdi3.o)
                                0x189 (size before relaxing)
 .debug_str     0x00000154      0x14d c:/winavr-20100110/bin/../lib/gcc/avr/4.3.3/avr5\libgcc.a(_addsub_sf.o)
                                0x206 (size before relaxing)
 .debug_str     0x000002a1       0x27 c:/winavr-20100110/bin/../lib/gcc/avr/4.3.3/avr5\libgcc.a(_mul_sf.o)
                                0x1bf (size before relaxing)
 .debug_str     0x000002c8       0x35 c:/winavr-20100110/bin/../lib/gcc/avr/4.3.3/avr5\libgcc.a(_div_sf.o)
                                0x1c8 (size before relaxing)
 .debug_str     0x000002fd        0x8 c:/winavr-20100110/bin/../lib/gcc/avr/4.3.3/avr5\libgcc.a(_gt_sf.o)
                                0x195 (size before relaxing)
 .debug_str     0x00000305        0x8 c:/winavr-20100110/bin/../lib/gcc/avr/4.3.3/avr5\libgcc.a(_ge_sf.o)
                                0x195 (size before relaxing)
 .debug_str     0x0000030d        0x8 c:/winavr-20100110/bin/../lib/gcc/avr/4.3.3/avr5\libgcc.a(_lt_sf.o)
                                0x195 (size before relaxing)
 .debug_str     0x00000315        0xa c:/winavr-20100110/bin/../lib/gcc/avr/4.3.3/avr5\libgcc.a(_sf_to_si.o)
                                0x19e (size before relaxing)
 .debug_str     0x00000000      0x103 c:/winavr-20100110/bin/../lib/gcc/avr/4.3.3/avr5\libgcc.a(_thenan_sf.o)
 .debug_str     0x0000031f       0x21 c:/winavr-20100110/bin/../lib/gcc/avr/4.3.3/avr5\libgcc.a(_usi_to_sf.o)
                                0x177 (size before relaxing)
 .debug_str     0x00000000       0xf4 c:/winavr-20100110/bin/../lib/gcc/avr/4.3.3/avr5\libgcc.a(_clz.o)
 .debug_str     0x00000340        0x9 c:/winavr-20100110/bin/../lib/gcc/avr/4.3.3/avr5\libgcc.a(_clzsi2.o)
                                0x111 (size before relaxing)
 .debug_str     0x00000349       0x10 c:/winavr-20100110/bin/../lib/gcc/avr/4.3.3/avr5\libgcc.a(_pack_sf.o)
                                0x19d (size before relaxing)
 .debug_str     0x00000359        0xb c:/winavr-20100110/bin/../lib/gcc/avr/4.3.3/avr5\libgcc.a(_unpack_sf.o)
                                0x17f (size before relaxing)
 .debug_str     0x00000364       0x10 c:/winavr-20100110/bin/../lib/gcc/avr/4.3.3/avr5\libgcc.a(_fpcmp_parts_sf.o)
                                0x163 (size before relaxing)

.debug_loc      0x00000000     0x18ab
 *(.debug_loc)
 .debug_loc     0x00000000       0xcc c:/winavr-20100110/bin/../lib/gcc/avr/4.3.3/avr5\libgcc.a(_muldi3.o)
 .debug_loc     0x000000cc       0x34 c:/winavr-20100110/bin/../lib/gcc/avr/4.3.3/avr5\libgcc.a(_fixunssfsi.o)
 .debug_loc     0x00000100      0xe71 c:/winavr-20100110/bin/../lib/gcc/avr/4.3.3/avr5\libgcc.a(_divdi3.o)
 .debug_loc     0x00000f71      0x32a c:/winavr-20100110/bin/../lib/gcc/avr/4.3.3/avr5\libgcc.a(_addsub_sf.o)
 .debug_loc     0x0000129b      0x104 c:/winavr-20100110/bin/../lib/gcc/avr/4.3.3/avr5\libgcc.a(_mul_sf.o)
 .debug_loc     0x0000139f       0xc0 c:/winavr-20100110/bin/../lib/gcc/avr/4.3.3/avr5\libgcc.a(_div_sf.o)
 .debug_loc     0x0000145f       0x3c c:/winavr-20100110/bin/../lib/gcc/avr/4.3.3/avr5\libgcc.a(_gt_sf.o)
 .debug_loc     0x0000149b       0x3c c:/winavr-20100110/bin/../lib/gcc/avr/4.3.3/avr5\libgcc.a(_ge_sf.o)
 .debug_loc     0x000014d7       0x3c c:/winavr-20100110/bin/../lib/gcc/avr/4.3.3/avr5\libgcc.a(_lt_sf.o)
 .debug_loc     0x00001513       0x7e c:/winavr-20100110/bin/../lib/gcc/avr/4.3.3/avr5\libgcc.a(_sf_to_si.o)
 .debug_loc     0x00001591       0x4c c:/winavr-20100110/bin/../lib/gcc/avr/4.3.3/avr5\libgcc.a(_usi_to_sf.o)
 .debug_loc     0x000015dd       0x94 c:/winavr-20100110/bin/../lib/gcc/avr/4.3.3/avr5\libgcc.a(_clzsi2.o)
 .debug_loc     0x00001671      0x13e c:/winavr-20100110/bin/../lib/gcc/avr/4.3.3/avr5\libgcc.a(_pack_sf.o)
 .debug_loc     0x000017af       0xac c:/winavr-20100110/bin/../lib/gcc/avr/4.3.3/avr5\libgcc.a(_unpack_sf.o)
 .debug_loc     0x0000185b       0x50 c:/winavr-20100110/bin/../lib/gcc/avr/4.3.3/avr5\libgcc.a(_fpcmp_parts_sf.o)

.debug_macinfo
 *(.debug_macinfo)
OUTPUT(ComAppMcu1.elf elf32-avr)
LOAD linker stubs

.debug_ranges   0x00000000       0x68
 .debug_ranges  0x00000000       0x18 c:/winavr-20100110/bin/../lib/gcc/avr/4.3.3/avr5\libgcc.a(_divdi3.o)
 .debug_ranges  0x00000018       0x50 c:/winavr-20100110/bin/../lib/gcc/avr/4.3.3/avr5\libgcc.a(_mul_sf.o)
